
Discarded input sections

 .text          0x00000000        0x0 ./utils/cmdline.o
 .data          0x00000000        0x0 ./utils/cmdline.o
 .bss           0x00000000       0x24 ./utils/cmdline.o
 .debug_abbrev  0x00000000       0xd6 ./utils/cmdline.o
 .debug_info    0x00000000      0x1a2 ./utils/cmdline.o
 .debug_line    0x00000000      0x2f7 ./utils/cmdline.o
 .debug_macinfo
                0x00000000     0x3fe9 ./utils/cmdline.o
 .text.CmdLineProcess
                0x00000000       0xc4 ./utils/cmdline.o
 .debug_loc     0x00000000       0x38 ./utils/cmdline.o
 .debug_pubnames
                0x00000000       0x25 ./utils/cmdline.o
 .debug_pubtypes
                0x00000000       0x33 ./utils/cmdline.o
 .debug_aranges
                0x00000000       0x20 ./utils/cmdline.o
 .debug_ranges  0x00000000       0x10 ./utils/cmdline.o
 .debug_str     0x00000000      0x149 ./utils/cmdline.o
 .debug_frame   0x00000000       0x30 ./utils/cmdline.o
 .text          0x00000000        0x0 ./utils/cpu_usage.o
 .data          0x00000000       0x20 ./utils/cpu_usage.o
 .bss           0x00000000        0xc ./utils/cpu_usage.o
 .debug_abbrev  0x00000000       0x81 ./utils/cpu_usage.o
 .debug_info    0x00000000      0x122 ./utils/cpu_usage.o
 .debug_line    0x00000000      0x15f ./utils/cpu_usage.o
 .debug_macinfo
                0x00000000     0xed7c ./utils/cpu_usage.o
 .text.CPUUsageTick
                0x00000000       0x5c ./utils/cpu_usage.o
 .text.CPUUsageInit
                0x00000000       0xa0 ./utils/cpu_usage.o
 .debug_loc     0x00000000       0x70 ./utils/cpu_usage.o
 .debug_pubnames
                0x00000000       0x34 ./utils/cpu_usage.o
 .debug_pubtypes
                0x00000000       0x12 ./utils/cpu_usage.o
 .debug_aranges
                0x00000000       0x28 ./utils/cpu_usage.o
 .debug_ranges  0x00000000       0x18 ./utils/cpu_usage.o
 .debug_str     0x00000000      0x127 ./utils/cpu_usage.o
 .debug_frame   0x00000000       0x50 ./utils/cpu_usage.o
 .text          0x00000000        0x0 ./utils/crc.o
 .data          0x00000000        0x0 ./utils/crc.o
 .bss           0x00000000        0x0 ./utils/crc.o
 .debug_abbrev  0x00000000       0xc8 ./utils/crc.o
 .debug_info    0x00000000      0x220 ./utils/crc.o
 .debug_line    0x00000000      0x129 ./utils/crc.o
 .debug_macinfo
                0x00000000     0x226c ./utils/crc.o
 .rodata        0x00000000      0x300 ./utils/crc.o
 .text.Crc8CCITT
                0x00000000      0x16c ./utils/crc.o
 .text.Crc16    0x00000000      0x224 ./utils/crc.o
 .text.Crc16Array
                0x00000000       0x2c ./utils/crc.o
 .text.Crc16Array3
                0x00000000      0x1a8 ./utils/crc.o
 .debug_loc     0x00000000       0xe0 ./utils/crc.o
 .debug_pubnames
                0x00000000       0x49 ./utils/crc.o
 .debug_aranges
                0x00000000       0x38 ./utils/crc.o
 .debug_ranges  0x00000000       0x28 ./utils/crc.o
 .debug_str     0x00000000      0x117 ./utils/crc.o
 .debug_frame   0x00000000       0x84 ./utils/crc.o
 .text          0x00000000        0x0 ./utils/flash_pb.o
 .data          0x00000000        0x0 ./utils/flash_pb.o
 .bss           0x00000000       0x10 ./utils/flash_pb.o
 .debug_abbrev  0x00000000       0xc2 ./utils/flash_pb.o
 .debug_info    0x00000000      0x1b8 ./utils/flash_pb.o
 .debug_line    0x00000000      0x20f ./utils/flash_pb.o
 .debug_macinfo
                0x00000000     0x7c97 ./utils/flash_pb.o
 .text.FlashPBIsValid
                0x00000000       0x74 ./utils/flash_pb.o
 .text.FlashPBGet
                0x00000000       0x24 ./utils/flash_pb.o
 .text.FlashPBSave
                0x00000000      0x18c ./utils/flash_pb.o
 .text.FlashPBInit
                0x00000000       0xc8 ./utils/flash_pb.o
 .debug_loc     0x00000000       0xd4 ./utils/flash_pb.o
 .debug_pubnames
                0x00000000       0x41 ./utils/flash_pb.o
 .debug_pubtypes
                0x00000000       0x12 ./utils/flash_pb.o
 .debug_aranges
                0x00000000       0x38 ./utils/flash_pb.o
 .debug_ranges  0x00000000       0x28 ./utils/flash_pb.o
 .debug_str     0x00000000      0x136 ./utils/flash_pb.o
 .debug_frame   0x00000000       0x88 ./utils/flash_pb.o
 .text          0x00000000        0x0 ./utils/isqrt.o
 .data          0x00000000        0x0 ./utils/isqrt.o
 .bss           0x00000000        0x0 ./utils/isqrt.o
 .debug_abbrev  0x00000000       0x58 ./utils/isqrt.o
 .debug_info    0x00000000       0x87 ./utils/isqrt.o
 .debug_line    0x00000000       0x8f ./utils/isqrt.o
 .debug_macinfo
                0x00000000     0x21d3 ./utils/isqrt.o
 .text.isqrt    0x00000000       0x88 ./utils/isqrt.o
 .debug_loc     0x00000000       0x38 ./utils/isqrt.o
 .debug_pubnames
                0x00000000       0x1c ./utils/isqrt.o
 .debug_aranges
                0x00000000       0x20 ./utils/isqrt.o
 .debug_ranges  0x00000000       0x10 ./utils/isqrt.o
 .debug_str     0x00000000       0x7b ./utils/isqrt.o
[...]
Memory Configuration

Name             Origin             Length             Attributes
FLASH            0x00000800         0x00007800         xr
SRAM             0x20000000         0x00002000         xrw
*default*        0x00000000         0xffffffff

Linker script and memory map

LOAD ./utils/cmdline.o
LOAD ./utils/cpu_usage.o
LOAD ./utils/crc.o
LOAD ./utils/flash_pb.o
LOAD ./utils/isqrt.o
LOAD ./utils/ringbuf.o
LOAD ./utils/scheduler.o
LOAD ./utils/sine.o
LOAD ./utils/softi2c.o
LOAD ./utils/softssi.o
LOAD ./utils/softuart.o
LOAD ./utils/uartstdio.o
LOAD ./utils/ustdlib.o
LOAD ./driverlib/adc.o
LOAD ./driverlib/can.o
LOAD ./driverlib/comp.o
LOAD ./driverlib/cpu.o
LOAD ./driverlib/eeprom.o
LOAD ./driverlib/epi.o
LOAD ./driverlib/ethernet.o
LOAD ./driverlib/fan.o
LOAD ./driverlib/flash.o
LOAD ./driverlib/fpu.o
LOAD ./driverlib/gpio.o
LOAD ./driverlib/hibernate.o
LOAD ./driverlib/i2c.o
LOAD ./driverlib/i2s.o
LOAD ./driverlib/interrupt.o
LOAD ./driverlib/lpc.o
LOAD ./driverlib/mpu.o
LOAD ./driverlib/peci.o
LOAD ./driverlib/pwm.o
LOAD ./driverlib/qei.o
LOAD ./driverlib/ssi.o
LOAD ./driverlib/sysctl.o
LOAD ./driverlib/sysexc.o
LOAD ./driverlib/systick.o
LOAD ./driverlib/timer.o
LOAD ./driverlib/uart.o
LOAD ./driverlib/udma.o
LOAD ./driverlib/usb.o
LOAD ./driverlib/watchdog.o
LOAD ./main.o
LOAD ./startup_gcc.o

.text           0x00000800      0x9b4
                0x00000800                _text = .
 *(.isr_vector)
 .isr_vector    0x00000800       0xb8 ./startup_gcc.o
                0x00000800                g_pfnVectors
 *(.text*)
 .text.GPIODirModeSet
                0x000008b8       0x88 ./driverlib/gpio.o
                0x000008b8                GPIODirModeSet
 .text.GPIOPadConfigSet
                0x00000940      0x230 ./driverlib/gpio.o
                0x00000940                GPIOPadConfigSet
 .text.GPIOPinWrite
                0x00000b70       0x2c ./driverlib/gpio.o
                0x00000b70                GPIOPinWrite
 .text.GPIOPinTypeGPIOOutput
                0x00000b9c       0x34 ./driverlib/gpio.o
                0x00000b9c                GPIOPinTypeGPIOOutput
 .text.SysCtlPeripheralEnable
                0x00000bd0       0xa8 ./driverlib/sysctl.o
                0x00000bd0                SysCtlPeripheralEnable
 .text.SysCtlDelay
                0x00000c78        0x8 ./driverlib/sysctl.o
                0x00000c78                SysCtlDelay
 .text.SysCtlClockSet
                0x00000c80      0x26c ./driverlib/sysctl.o
                0x00000c80                SysCtlClockSet
 .text.main     0x00000eec       0x88 ./main.o
                0x00000eec                main
 .text.ResetISR
                0x00000f74       0x64 ./startup_gcc.o
                0x00000f74                ResetISR
 .text.NmiSR    0x00000fd8        0x8 ./startup_gcc.o
 .text.FaultISR
                0x00000fe0        0x8 ./startup_gcc.o
 .text.IntDefaultHandler
                0x00000fe8        0x8 ./startup_gcc.o
 *(.rodata*)
 .rodata        0x00000ff0      0x1c4 ./driverlib/sysctl.o
                0x000011b4                _etext = .

.glue_7         0x000011b4        0x0
 .glue_7        0x00000000        0x0 linker stubs

.glue_7t        0x000011b4        0x0
 .glue_7t       0x00000000        0x0 linker stubs

.vfp11_veneer   0x000011b4        0x0
 .vfp11_veneer  0x00000000        0x0 linker stubs

.v4_bx          0x000011b4        0x0
 .v4_bx         0x00000000        0x0 linker stubs

.data           0x20000000        0x0 load address 0x000011b4
                0x20000000                _data = .
 *(vtable)
 *(.data*)
                0x20000000                _edata = .

.bss            0x20000000      0x100
                0x20000000                _bss = .
 *(.bss*)
 .bss           0x20000000      0x100 ./startup_gcc.o
 *(COMMON)
                0x20000100                _ebss = .
OUTPUT(proj_lm3s608.elf elf32-littlearm)

.debug_abbrev

.debug_info

.debug_line

.debug_macinfo

.debug_loc

.debug_pubnames

.debug_pubtypes

.debug_aranges

.debug_ranges

.debug_str

.comment        0x00000000       0x2a
 .comment       0x00000000       0x2a ./utils/cmdline.o
                                 0x2b (size before relaxing)
 .comment       0x00000000       0x2b ./utils/cpu_usage.o
 .comment       0x00000000       0x2b ./utils/crc.o
 .comment       0x00000000       0x2b ./utils/flash_pb.o
 .comment       0x00000000       0x2b ./utils/isqrt.o
 .comment       0x00000000       0x2b ./utils/ringbuf.o
 .comment       0x00000000       0x2b ./utils/scheduler.o
 .comment       0x00000000       0x2b ./utils/sine.o
 .comment       0x00000000       0x2b ./utils/softi2c.o
 .comment       0x00000000       0x2b ./utils/softssi.o
 .comment       0x00000000       0x2b ./utils/softuart.o
 .comment       0x00000000       0x2b ./utils/uartstdio.o
 .comment       0x00000000       0x2b ./utils/ustdlib.o
 .comment       0x00000000       0x2b ./driverlib/adc.o
 .comment       0x00000000       0x2b ./driverlib/can.o
 .comment       0x00000000       0x2b ./driverlib/comp.o
 .comment       0x00000000       0x2b ./driverlib/cpu.o
 .comment       0x00000000       0x2b ./driverlib/eeprom.o
 .comment       0x00000000       0x2b ./driverlib/epi.o
 .comment       0x00000000       0x2b ./driverlib/ethernet.o
 .comment       0x00000000       0x2b ./driverlib/fan.o
 .comment       0x00000000       0x2b ./driverlib/flash.o
 .comment       0x00000000       0x2b ./driverlib/fpu.o
 .comment       0x00000000       0x2b ./driverlib/gpio.o
 .comment       0x00000000       0x2b ./driverlib/hibernate.o
 .comment       0x00000000       0x2b ./driverlib/i2c.o
 .comment       0x00000000       0x2b ./driverlib/i2s.o
 .comment       0x00000000       0x2b ./driverlib/interrupt.o
 .comment       0x00000000       0x2b ./driverlib/lpc.o
 .comment       0x00000000       0x2b ./driverlib/mpu.o
 .comment       0x00000000       0x2b ./driverlib/peci.o
 .comment       0x00000000       0x2b ./driverlib/pwm.o
 .comment       0x00000000       0x2b ./driverlib/qei.o
 .comment       0x00000000       0x2b ./driverlib/ssi.o
 .comment       0x00000000       0x2b ./driverlib/sysctl.o
 .comment       0x00000000       0x2b ./driverlib/sysexc.o
 .comment       0x00000000       0x2b ./driverlib/systick.o
 .comment       0x00000000       0x2b ./driverlib/timer.o
 .comment       0x00000000       0x2b ./driverlib/uart.o
 .comment       0x00000000       0x2b ./driverlib/udma.o
 .comment       0x00000000       0x2b ./driverlib/usb.o
 .comment       0x00000000       0x2b ./driverlib/watchdog.o
 .comment       0x00000000       0x2b ./main.o
 .comment       0x00000000       0x2b ./startup_gcc.o

.ARM.attributes
                0x00000000       0x31
 .ARM.attributes
                0x00000000       0x31 ./utils/cmdline.o
 .ARM.attributes
                0x00000031       0x31 ./utils/cpu_usage.o
 .ARM.attributes
                0x00000062       0x31 ./utils/crc.o
 .ARM.attributes
                0x00000093       0x31 ./utils/flash_pb.o
 .ARM.attributes
                0x000000c4       0x31 ./utils/isqrt.o
 .ARM.attributes
                0x000000f5       0x31 ./utils/ringbuf.o
 .ARM.attributes
                0x00000126       0x31 ./utils/scheduler.o
 .ARM.attributes
                0x00000157       0x31 ./utils/sine.o
 .ARM.attributes
                0x00000188       0x31 ./utils/softi2c.o
 .ARM.attributes
                0x000001b9       0x31 ./utils/softssi.o
 .ARM.attributes
                0x000001ea       0x31 ./utils/softuart.o
 .ARM.attributes
                0x0000021b       0x31 ./utils/uartstdio.o
 .ARM.attributes
                0x0000024c       0x31 ./utils/ustdlib.o
 .ARM.attributes
                0x0000027d       0x31 ./driverlib/adc.o
 .ARM.attributes
                0x000002ae       0x31 ./driverlib/can.o
 .ARM.attributes
                0x000002df       0x31 ./driverlib/comp.o
 .ARM.attributes
                0x00000310       0x31 ./driverlib/cpu.o
 .ARM.attributes
                0x00000341       0x31 ./driverlib/eeprom.o
 .ARM.attributes
                0x00000372       0x31 ./driverlib/epi.o
 .ARM.attributes
                0x000003a3       0x31 ./driverlib/ethernet.o
 .ARM.attributes
                0x000003d4       0x31 ./driverlib/fan.o
 .ARM.attributes
                0x00000405       0x31 ./driverlib/flash.o
 .ARM.attributes
                0x00000436       0x31 ./driverlib/fpu.o
 .ARM.attributes
                0x00000467       0x31 ./driverlib/gpio.o
 .ARM.attributes
                0x00000498       0x31 ./driverlib/hibernate.o
 .ARM.attributes
                0x000004c9       0x31 ./driverlib/i2c.o
 .ARM.attributes
                0x000004fa       0x31 ./driverlib/i2s.o
 .ARM.attributes
                0x0000052b       0x31 ./driverlib/interrupt.o
 .ARM.attributes
                0x0000055c       0x31 ./driverlib/lpc.o
 .ARM.attributes
                0x0000058d       0x31 ./driverlib/mpu.o
 .ARM.attributes
                0x000005be       0x31 ./driverlib/peci.o
 .ARM.attributes
                0x000005ef       0x31 ./driverlib/pwm.o
 .ARM.attributes
                0x00000620       0x31 ./driverlib/qei.o
 .ARM.attributes
                0x00000651       0x31 ./driverlib/ssi.o
 .ARM.attributes
                0x00000682       0x31 ./driverlib/sysctl.o
 .ARM.attributes
                0x000006b3       0x31 ./driverlib/sysexc.o
 .ARM.attributes
                0x000006e4       0x31 ./driverlib/systick.o
 .ARM.attributes
                0x00000715       0x31 ./driverlib/timer.o
 .ARM.attributes
                0x00000746       0x31 ./driverlib/uart.o
 .ARM.attributes
                0x00000777       0x31 ./driverlib/udma.o
 .ARM.attributes
                0x000007a8       0x31 ./driverlib/usb.o
 .ARM.attributes
                0x000007d9       0x31 ./driverlib/watchdog.o
 .ARM.attributes
                0x0000080a       0x31 ./main.o
 .ARM.attributes
                0x0000083b       0x31 ./startup_gcc.o

.debug_frame
